// Jest Snapshot v1, https://goo.gl/fbAQLP

exports[`matches the snapshot 1`] = `
<BrowserRouter
  basename=""
>
  <div
    className="top-container"
  >
    <div
      className=""
    >
      <Route
        path="/:officeId"
        render={[Function]}
      />
    </div>
    <div
      className="content"
    >
      <Switch>
        <RouteWithBackNav
          borrowBook={[Function]}
          component={[Function]}
          getAvailableBooks={[Function]}
          getCheckedOutBooks={[Function]}
          getOfficeBooks={[Function]}
          path="/:officeId/return"
          returnBook={[Function]}
          setBackLocation={[Function]}
          setHeaderConfig={[Function]}
          setHeaderVisibility={[Function]}
        />
        <RouteWithBackNav
          borrowBook={[Function]}
          component={[Function]}
          getAvailableBooks={[Function]}
          getCheckedOutBooks={[Function]}
          getOfficeBooks={[Function]}
          path="/:officeId/borrow"
          returnBook={[Function]}
          setBackLocation={[Function]}
          setHeaderConfig={[Function]}
          setHeaderVisibility={[Function]}
        />
        <RouteWithBackNav
          borrowBook={[Function]}
          component={[Function]}
          getAvailableBooks={[Function]}
          getCheckedOutBooks={[Function]}
          getOfficeBooks={[Function]}
          path="/:officeId"
          returnBook={[Function]}
          setBackLocation={[Function]}
          setHeaderConfig={[Function]}
          setHeaderVisibility={[Function]}
        />
      </Switch>
    </div>
  </div>
</BrowserRouter>
`;
