// Jest Snapshot v1, https://goo.gl/fbAQLP

exports[`<Library /> renders the component 1`] = `
<div
  className="library-container"
>
  <svg
    alt="logo"
    className="image-container"
  >
    home_page_img.svg
  </svg>
  <button
    className="teal-button"
    id="return-button"
    onClick={[Function]}
  >
    RETURN
  </button>
  <button
    className="white-button"
    id="borrow-button"
  >
    BORROW
  </button>
</div>
`;
